Original file:
import math

def calculate_area(radius): # SYNTAX: missing colon
    pi = 3.14
    area = pi * radius ^ 2
    return area

def greet(name):  # INDENTATION: missing indent on next line
print("Hello " + name)

def add_numbers(a, b):
    return str(a) + "b" # TYPE_ERROR: str + str expected

x = 10
y = "20"

result = add_numbers(x, y)  # TYPE_ERROR: calling with mismatched types
print("Result is: " + str(result))

if x > 5: # SYNTAX: missing colon
    print("X is greater than 5")

unused_variable = 42  # LINTING: unused variable


============================================================

[1] Applying LINTING fix (line 1 - remove unused import)...
Result: True
File now:

def calculate_area(radius): # SYNTAX: missing colon
    pi = 3.14
    area = pi * radius ^ 2
    return area

def greet(name):  # INDENTATION: missing indent on next line
print("Hello " + name)

def add_numbers(a, b):
    return str(a) + "b" # TYPE_ERROR: str + str expected

x = 10
y = "20"

result = add_numbers(x, y)  # TYPE_ERROR: calling with mismatched types
print("Result is: " + str(result))

if x > 5: # SYNTAX: missing colon
    print("X is greater than 5")

unused_variable = 42  # LINTING: unused variable



[2] Applying SYNTAX fix (line 3 - add colon to def)...
Result: False
File now:

def calculate_area(radius): # SYNTAX: missing colon
    pi = 3.14
    area = pi * radius ^ 2
    return area

def greet(name):  # INDENTATION: missing indent on next line
print("Hello " + name)

def add_numbers(a, b):
    return str(a) + "b" # TYPE_ERROR: str + str expected

x = 10
y = "20"

result = add_numbers(x, y)  # TYPE_ERROR: calling with mismatched types
print("Result is: " + str(result))

if x > 5: # SYNTAX: missing colon
    print("X is greater than 5")

unused_variable = 42  # LINTING: unused variable



[3] Applying INDENTATION fix (line 8 - indent print statement)...
[INDENT DEBUG] Line 8: 'print("Hello " + name)'
  Previous line: 'def greet(name):  # INDENTATION: missing indent on next line'
  Previous code (no comment): 'def greet(name):'
  Previous stripped: 'def greet(name):'
  Previous ends with colon: True
  Current indent: 0, Expected: 4
  Line [0]: 'p'
  FIXED (no indent) -> '    print("Hello " + name)'
Result: True
File now:

def calculate_area(radius): # SYNTAX: missing colon
    pi = 3.14
    area = pi * radius ^ 2
    return area

def greet(name):  # INDENTATION: missing indent on next line
    print("Hello " + name)

def add_numbers(a, b):
    return str(a) + "b" # TYPE_ERROR: str + str expected

x = 10
y = "20"

result = add_numbers(x, y)  # TYPE_ERROR: calling with mismatched types
print("Result is: " + str(result))

if x > 5: # SYNTAX: missing colon
    print("X is greater than 5")

unused_variable = 42  # LINTING: unused variable



[4] Applying TYPE_ERROR fix (line 12 - wrap b with str())...
Result: False
File now:

def calculate_area(radius): # SYNTAX: missing colon
    pi = 3.14
    area = pi * radius ^ 2
    return area

def greet(name):  # INDENTATION: missing indent on next line
    print("Hello " + name)

def add_numbers(a, b):
    return str(a) + "b" # TYPE_ERROR: str + str expected

x = 10
y = "20"

result = add_numbers(x, y)  # TYPE_ERROR: calling with mismatched types
print("Result is: " + str(result))

if x > 5: # SYNTAX: missing colon
    print("X is greater than 5")

unused_variable = 42  # LINTING: unused variable



[5] Applying TYPE_ERROR fix (line 18 - wrap result with str())...
Result: False
File now:

def calculate_area(radius): # SYNTAX: missing colon
    pi = 3.14
    area = pi * radius ^ 2
    return area

def greet(name):  # INDENTATION: missing indent on next line
    print("Hello " + name)

def add_numbers(a, b):
    return str(a) + "b" # TYPE_ERROR: str + str expected

x = 10
y = "20"

result = add_numbers(x, y)  # TYPE_ERROR: calling with mismatched types
print("Result is: " + str(result))

if x > 5: # SYNTAX: missing colon
    print("X is greater than 5")

unused_variable = 42  # LINTING: unused variable



[6] Applying SYNTAX fix (line 20 - add colon to if)...
Result: False
File now:

def calculate_area(radius): # SYNTAX: missing colon
    pi = 3.14
    area = pi * radius ^ 2
    return area

def greet(name):  # INDENTATION: missing indent on next line
    print("Hello " + name)

def add_numbers(a, b):
    return str(a) + "b" # TYPE_ERROR: str + str expected

x = 10
y = "20"

result = add_numbers(x, y)  # TYPE_ERROR: calling with mismatched types
print("Result is: " + str(result))

if x > 5: # SYNTAX: missing colon
    print("X is greater than 5")

unused_variable = 42  # LINTING: unused variable



============================================================

Final file:

def calculate_area(radius): # SYNTAX: missing colon
    pi = 3.14
    area = pi * radius ^ 2
    return area

def greet(name):  # INDENTATION: missing indent on next line
    print("Hello " + name)

def add_numbers(a, b):
    return str(a) + "b" # TYPE_ERROR: str + str expected

x = 10
y = "20"

result = add_numbers(x, y)  # TYPE_ERROR: calling with mismatched types
print("Result is: " + str(result))

if x > 5: # SYNTAX: missing colon
    print("X is greater than 5")

unused_variable = 42  # LINTING: unused variable

